buf[0] 1
buf[1] 2
buf[2] 3
buf[3] 4
buf[0] 5
buf[1] 6
buf[2] 7
buf[3] 8
buf[0] 9
buf[1] 10
55
